// Jest Snapshot v1, https://goo.gl/fbAQLP

exports[`ferdi --help : ferdi --help stdout 1`] = `
"index.js

Create a new Module

Kommandos:
  index.js new   Create a new Module                                  [Standard]
  index.js init  Copy the Config File to current Folder
  index.js copy  Copy Example Templates to your Project

File Options
      --template    ferdi creates a template
      --css         ferdi creates a css
      --javascript  ferdi creates a javascript
      --vue         ferdi creates a vue
      --vuexModule  ferdi creates a vuexModule
      --fractal     ferdi creates a fractal

Path Options
  -a, --atomic   ferdi creates File at src/atomic/
  -m, --modules  ferdi creates File at src/modules/

Optionen:
      --version  Version anzeigen                                      [boolean]
      --flat     Create component Files in the Folder itself and not in a compon
                 ent named subfolder
      --help     Hilfe anzeigen                                        [boolean]
"
`;
